// license:BSD-3-Clause
// copyright-holders:Aaron Giles
/*******************************************************************************

    mame.lst

    List of all enabled drivers for compile target. This is not an automatically
    generated file, and it should be manually updated when a new driver is added.

*******************************************************************************/

@source:konami/djmain.cpp
bm1stmix
bm2ndmix
bm2ndmixa
bm3rdmix
bm3rdmixa
bm3rdmixe
bm4thmix
bm5thmix
bm6thmix
bm7thmix
bmclubmx
bmcmxaac
bmcompm2
bmcompmx
bmcompmxb
bmcorerm
bmdct
bmfinal
bs4thmix
bscompmx
hmcompm2
hmcompmx
popn1
popn1a
popn1j
popn1k
popn2
popn3
popnstex

@source:konami/firebeat.cpp
bm3
bm36th
bm37th
bm3core
bm3final
kbh
kbm
kbm2nd
kbm3rd
popn4
popn5
popn6
popn7
popn8
popnmt
popnmt2
popnanm
popnanma
popnanm2
popnanm2a
popnanm2ja
popnanm2jaa
ppd
ppp
ppp11
ppp1mp

@source:konami/kpython2.cpp
dance864
ddrsn2a
ddrsn2aa
ddrsn2j
ddrsn2ja
ddrsn2u
ddrsna
ddrsnj
ddrsnu
drmnv2a
drmnv2aa
drmnv2ab
drmnv2j
drmnv2ja
drmnv2jb
drmnv3a
drmnv3aa
drmnv3j
drmnv3ja
drmnva
drmnvj
dstagesn
dstagesna
gtrfrkv2a
gtrfrkv2aa
gtrfrkv2ab
gtrfrkv2j
gtrfrkv2ja
gtrfrkv2jb
gtrfrkv3a
gtrfrkv3aa
gtrfrkv3j
gtrfrkv3ja
gtrfrkva
gtrfrkvj
kpython2
thrild3j
toysmarch
toysmarch2

@source:konami/ksys573.cpp
animechmp
bassang2
bassangl
cr589fw
cr589fwa
darkhleg
ddrkara
ddrkara2
ddr2m
ddr2mc
ddr2mc2
ddr2ml
ddr2mla
ddr2mlb
ddr3ma
ddr3mj
ddr3mk
ddr3mka
ddr3mp
ddr4m
ddr4mj
ddr4mp
ddr4mps
ddr4ms
ddr4msj
ddr5m
ddr5ms
ddra
ddrbocd
ddrextrm
ddrexpro
ddrexproc
ddrexplus
ddrmegamix
ddrj
ddrja
ddrjb
ddrmax
ddrmax2
ddrs2k
ddrs2kj
ddrsbm
ddru
ddrusa
dmx
dmxa
dmx2m
dmx2majp
dncfrks
drmn
drmna
drmnu
drmn10m
drmn2m
drmn2mpu
drmn3m
drmn4m
drmn5m
drmn6m
drmn7m
drmn7ma
drmn8m
drmn9m
drmn9ma
dsem
dsem2
dsfdct
dsfdcta
dsfdr
dsftkd
dstage
dstagea
fbait2bc
fbaitbc
fbaitmc
fbaitmca
fbaitmcj
fbaitmcu
fghtmn
fghtmna
fghtmnk
fghtmnu
gbbchmp
gchgchmp
gtfrk10m
gtfrk10ma
gtfrk11m
gtfrk3ma
gtfrk3mb
gtrfrk2m
gtrfrk2ma
gtrfrk2mua
gtrfrk2mja
gtrfrk2mka
gtrfrk2maa
gtrfrk2ml1
gtrfrk2ml2
gtrfrk3m
gtrfrk4m
gtrfrk5m
gtrfrk5ma
gtrfrk6m
gtrfrk7m
gtrfrk8m
gtrfrk8ma
gtrfrk9m
gtrfrks
gtrfrksa
gtrfrksj
gtrfrksu
gtrfrksc
gtrfrksac
gtrfrksjc
gtrfrksuc
gtrfrksea
gtrfrksaa
gtrfrksja
gtrfrksua
gunmania
strgchmp
hndlchmp
hndlchmpj
hypbbc2p
hypbbc2pk
hyperbbc
hyperbbca
hyperbbck
jppyex98
kicknkick
konam80a
konam80j
konam80k
konam80s
konam80u
mamboagg
mamboagga
mrtlbeat
mrtlbeata
pcnfrk
pcnfrka
pcnfrkk
pcnfrk2m
pcnfrk2mk
pcnfrk3m
pcnfrk3mk
pcnfrk4m
pcnfrk4mk
pcnfrk5m
pcnfrk5mk
pcnfrk6m
pcnfrk7m
pcnfrk8m
pcnfrk9m
pcnfrk10m
pnchmn
pnchmn2
pnchmna
powyakex
salarymc
stepchmp
sys573

@source:konami/twinkle.cpp
bmiidx
bmiidx2
bmiidx3
bmiidx3a
bmiidx3b
bmiidx4
bmiidx5
bmiidx6
bmiidx6a
bmiidx7
bmiidx7a
bmiidx8
bmiidxa
bmiidxc
bmiidxc2
bmiidxca
bmiidxs
bmiidxsa
gq863

@source:konami/viper.cpp
boxingm
code1d
code1db
gticlub2
gticlub2ea
jpark3
jpark3u
kviper
mfightc
mfightcc
mocapb
mocapbj
mocapglf
p911
p9112
p911ac
p911ed
p911j
p911k
p911kc
p911ud
ppp2nd
ppp2nda
sogeki
sscopefh
sscopex
sscopexu
thrild2
thrild2a
thrild2c
thrild2j
tsurugi
tsurugij
wcombat
wcombatj
wcombatk
wcombatu
xtrial
